<?xml version="1.0" encoding="UTF-8"?>
<testsuites name="jest tests" tests="1" failures="0" errors="0" time="8.608">
  <testsuite name="GET accounts" errors="0" failures="0" skipped="0" timestamp="2023-01-12T18:03:25" time="8.137" tests="1">
    <testcase classname="GET accounts should return all accounts" name="GET accounts should return all accounts" time="1.387">
    </testcase>
  </testsuite>
</testsuites>